
Loading design for application trce from file rgbled_impl1.ncd.
Design name: RGBLED
NCD version: 3.3
Vendor:      LATTICE
Device:      LCMXO2-4000HC
Package:     CSBGA132
Performance: 4
Loading device for application trce from file 'xo2c4000.nph' in environment: D:/lscc/diamond/3.12/ispfpga.
Package Status:                     Final          Version 1.44.
Performance Hardware Data Status:   Final          Version 34.4.
Setup and Hold Report

--------------------------------------------------------------------------------
Lattice TRACE Report - Setup, Version Diamond (64-bit) 3.12.0.240.2
Wed Oct 19 21:03:23 2022

Copyright (c) 1991-1994 by NeoCAD Inc. All rights reserved.
Copyright (c) 1995 AT&T Corp.   All rights reserved.
Copyright (c) 1995-2001 Lucent Technologies Inc.  All rights reserved.
Copyright (c) 2001 Agere Systems   All rights reserved.
Copyright (c) 2002-2020 Lattice Semiconductor Corporation,  All rights reserved.

Report Information
------------------
Command line:    trce -v 10 -gt -sethld -sp 4 -sphld m -o RGBLED_impl1.twr -gui RGBLED_impl1.ncd RGBLED_impl1.prf 
Design file:     rgbled_impl1.ncd
Preference file: rgbled_impl1.prf
Device,speed:    LCMXO2-4000HC,4
Report level:    verbose report, limited to 10 items per preference
--------------------------------------------------------------------------------

BLOCK ASYNCPATHS
BLOCK RESETPATHS
--------------------------------------------------------------------------------



================================================================================
Preference: Default path enumeration
            3 items scored, 0 timing errors detected.
--------------------------------------------------------------------------------

Report:    8.693ns delay sw[0] to led[0]

   Name    Fanout   Delay (ns)          Site               Resource
PADI_DEL    ---     1.372         M7.PAD to       M7.PADDI sw[0]
ROUTE         1     3.873       M7.PADDI to       M2.PADDO led_c_0_c
DOPAD_DEL   ---     3.448       M2.PADDO to         M2.PAD led[0]
                  --------
                    8.693   (55.4% logic, 44.6% route), 2 logic levels.

Report:    8.186ns delay sw[2] to led[2]

   Name    Fanout   Delay (ns)          Site               Resource
PADI_DEL    ---     1.372         M9.PAD to       M9.PADDI sw[2]
ROUTE         1     3.366       M9.PADDI to       P2.PADDO led_c_2_c
DOPAD_DEL   ---     3.448       P2.PADDO to         P2.PAD led[2]
                  --------
                    8.186   (58.9% logic, 41.1% route), 2 logic levels.

Report:    8.156ns delay sw[1] to led[1]

   Name    Fanout   Delay (ns)          Site               Resource
PADI_DEL    ---     1.372         M8.PAD to       M8.PADDI sw[1]
ROUTE         1     3.336       M8.PADDI to       N2.PADDO led_c_1_c
DOPAD_DEL   ---     3.448       N2.PADDO to         N2.PAD led[1]
                  --------
                    8.156   (59.1% logic, 40.9% route), 2 logic levels.

Report:    8.693ns is the maximum delay for this preference.


================================================================================
Preference: Default net enumeration
            3 items scored, 0 timing errors detected.
--------------------------------------------------------------------------------

Report:    3.873ns maximum delay on led_c_0_c

           Delays             Connection(s)
           3.873ns         M7.PADDI to M2.PADDO        

Report:    3.366ns maximum delay on led_c_2_c

           Delays             Connection(s)
           3.366ns         M9.PADDI to P2.PADDO        

Report:    3.336ns maximum delay on led_c_1_c

           Delays             Connection(s)
           3.336ns         M8.PADDI to N2.PADDO        

Report:    3.873ns is the maximum delay for this preference.

Report Summary
--------------
----------------------------------------------------------------------------
Preference                              |   Constraint|       Actual|Levels
----------------------------------------------------------------------------
                                        |             |             |
Default path enumeration                |     0.000 ns|     8.693 ns|   0  
                                        |             |             |
Default net enumeration                 |     0.000 ns|     3.873 ns|   0  
                                        |             |             |
----------------------------------------------------------------------------


All preferences were met.


Clock Domains Analysis
------------------------

Found 0 clocks:


Timing summary (Setup):
---------------

Timing errors: 0  Score: 0
Cumulative negative slack: 0

Constraints cover 3 paths, 3 nets, and 3 connections (100.00% coverage)

--------------------------------------------------------------------------------

